// Vitest Snapshot v1, https://vitest.dev/guide/snapshot.html

exports[`Notification Component > matches snapshot 1`] = `
<DocumentFragment>
  <div
    class="flex items-center justify-between bg-white p-4 mb-4 rounded-lg shadow-md"
  >
    <div
      class="flex items-center flex-grow"
    >
      <span
        class="text-2xl mr-4 flex-shrink-0"
      >
        ðŸ””
      </span>
      <div
        class="flex-grow"
      >
        <p
          class="font-bold"
        >
          You have a new message
        </p>
        <span
          class="text-sm text-gray-500"
        >
          2 hours ago
        </span>
      </div>
    </div>
  </div>
</DocumentFragment>
`;
